2025-06-22 09:04:52,780 - INFO - Connecting to 149.154.167.51:443/TcpFull...
2025-06-22 09:04:55,273 - INFO - Connection to 149.154.167.51:443/TcpFull complete!
2025-06-22 09:04:56,475 - INFO - Phone migrated to 4
2025-06-22 09:04:56,692 - INFO - Reconnecting to new data center 4
2025-06-22 09:04:56,894 - INFO - Disconnecting from 149.154.167.51:443/TcpFull...
2025-06-22 09:04:56,895 - INFO - Disconnection from 149.154.167.51:443/TcpFull complete!
2025-06-22 09:04:56,896 - INFO - Connecting to 149.154.167.91:443/TcpFull...
2025-06-22 09:04:58,954 - INFO - Connection to 149.154.167.91:443/TcpFull complete!
2025-06-22 09:16:06,953 - INFO - Connecting to 149.154.167.91:443/TcpFull...
2025-06-22 09:16:07,154 - INFO - Connection to 149.154.167.91:443/TcpFull complete!
2025-06-22 09:22:39,738 - INFO - Connecting to 149.154.167.91:443/TcpFull...
2025-06-22 09:22:40,107 - INFO - Connection to 149.154.167.91:443/TcpFull complete!
2025-06-22 09:22:41,353 - WARNING - Telegram is having internal issues AuthRestartError: Restart the authorization process (caused by SendCodeRequest)
2025-06-22 09:23:32,024 - INFO - System clock is wrong, set time offset to 0s
2025-06-22 09:23:32,027 - INFO - System clock is wrong, set time offset to 0s
2025-06-22 09:23:33,460 - ERROR - Fatal error in main: The key is not registered in the system (caused by GetPasswordRequest)
2025-06-22 09:23:33,464 - INFO - Disconnecting from 149.154.167.91:443/TcpFull...
2025-06-22 09:23:33,465 - INFO - Disconnection from 149.154.167.91:443/TcpFull complete!
2025-06-22 09:23:36,881 - INFO - Connecting to 149.154.167.91:443/TcpFull...
2025-06-22 09:23:37,131 - INFO - Connection to 149.154.167.91:443/TcpFull complete!
2025-06-22 09:23:58,863 - ERROR - Fatal error in main: Returned when all available options for this type of number were already used (e.g. flash-call, then SMS, then this error might be returned to trigger a second resend) (caused by ResendCodeRequest)
2025-06-22 09:23:58,867 - INFO - Disconnecting from 149.154.167.91:443/TcpFull...
2025-06-22 09:23:58,868 - INFO - Disconnection from 149.154.167.91:443/TcpFull complete!
2025-06-22 09:24:19,517 - INFO - Connecting to 149.154.167.91:443/TcpFull...
2025-06-22 09:24:19,767 - INFO - Connection to 149.154.167.91:443/TcpFull complete!
2025-06-22 09:24:20,864 - WARNING - Telegram is having internal issues AuthRestartError: Restart the authorization process (caused by SendCodeRequest)
2025-06-22 09:31:18,248 - INFO - System clock is wrong, set time offset to 0s
2025-06-22 09:31:18,250 - INFO - System clock is wrong, set time offset to 0s
2025-06-22 09:31:19,110 - ERROR - Fatal error in main: The password (and thus its hash value) you entered is invalid (caused by NoneType)
2025-06-22 09:31:19,111 - INFO - Disconnecting from 149.154.167.91:443/TcpFull...
2025-06-22 09:31:19,112 - INFO - Disconnection from 149.154.167.91:443/TcpFull complete!
2025-06-22 09:31:51,267 - INFO - Connecting to 149.154.167.91:443/TcpFull...
2025-06-22 09:31:51,459 - INFO - Connection to 149.154.167.91:443/TcpFull complete!
2025-06-22 09:31:52,554 - WARNING - Telegram is having internal issues AuthRestartError: Restart the authorization process (caused by SendCodeRequest)
2025-06-22 09:32:51,628 - INFO - Starting scrape for @Shageronlinestore
2025-06-22 09:32:53,064 - INFO - Starting direct file download in chunks of 131072 at 0, stride 131072
2025-06-22 09:32:53,845 - INFO - Starting direct file download in chunks of 131072 at 0, stride 131072
2025-06-22 09:32:54,800 - INFO - Starting direct file download in chunks of 131072 at 0, stride 131072
2025-06-22 09:32:55,890 - INFO - Starting direct file download in chunks of 131072 at 0, stride 131072
2025-06-22 09:32:56,917 - INFO - Starting direct file download in chunks of 131072 at 0, stride 131072
2025-06-22 09:32:58,647 - INFO - Starting direct file download in chunks of 131072 at 0, stride 131072
2025-06-22 09:32:59,681 - INFO - Starting direct file download in chunks of 131072 at 0, stride 131072
2025-06-22 09:33:00,712 - INFO - Starting direct file download in chunks of 131072 at 0, stride 131072
2025-06-22 09:33:01,947 - INFO - Starting direct file download in chunks of 131072 at 0, stride 131072
2025-06-22 09:33:02,954 - INFO - Starting direct file download in chunks of 131072 at 0, stride 131072
2025-06-22 09:33:04,374 - INFO - Starting direct file download in chunks of 131072 at 0, stride 131072
2025-06-22 09:33:05,572 - INFO - Starting direct file download in chunks of 131072 at 0, stride 131072
2025-06-22 09:33:06,656 - INFO - Starting direct file download in chunks of 131072 at 0, stride 131072
2025-06-22 09:33:08,885 - INFO - Starting direct file download in chunks of 131072 at 0, stride 131072
2025-06-22 09:33:09,355 - INFO - Starting direct file download in chunks of 131072 at 0, stride 131072
2025-06-22 09:33:10,286 - INFO - Starting direct file download in chunks of 131072 at 0, stride 131072
2025-06-22 09:33:10,939 - INFO - Starting direct file download in chunks of 131072 at 0, stride 131072
2025-06-22 09:33:11,794 - INFO - Starting direct file download in chunks of 131072 at 0, stride 131072
2025-06-22 09:33:12,412 - INFO - Starting direct file download in chunks of 131072 at 0, stride 131072
2025-06-22 09:33:13,276 - INFO - Starting direct file download in chunks of 131072 at 0, stride 131072
2025-06-22 09:33:14,245 - INFO - Starting direct file download in chunks of 131072 at 0, stride 131072
2025-06-22 09:33:16,363 - INFO - Starting direct file download in chunks of 131072 at 0, stride 131072
2025-06-22 09:33:18,281 - INFO - Starting direct file download in chunks of 131072 at 0, stride 131072
2025-06-22 09:33:19,057 - INFO - Starting direct file download in chunks of 131072 at 0, stride 131072
2025-06-22 09:33:20,696 - INFO - Starting direct file download in chunks of 131072 at 0, stride 131072
2025-06-22 09:33:22,243 - INFO - Starting direct file download in chunks of 131072 at 0, stride 131072
2025-06-22 09:33:23,108 - INFO - Starting direct file download in chunks of 131072 at 0, stride 131072
2025-06-22 09:33:24,850 - INFO - Starting direct file download in chunks of 131072 at 0, stride 131072
2025-06-22 09:33:26,556 - INFO - Starting direct file download in chunks of 131072 at 0, stride 131072
2025-06-22 09:33:27,441 - INFO - Starting direct file download in chunks of 131072 at 0, stride 131072
2025-06-22 09:33:28,396 - INFO - Starting direct file download in chunks of 131072 at 0, stride 131072
2025-06-22 09:33:29,069 - INFO - Starting direct file download in chunks of 131072 at 0, stride 131072
2025-06-22 09:33:30,364 - INFO - Starting direct file download in chunks of 131072 at 0, stride 131072
2025-06-22 09:33:31,854 - INFO - Starting direct file download in chunks of 131072 at 0, stride 131072
2025-06-22 09:33:33,550 - INFO - Starting direct file download in chunks of 131072 at 0, stride 131072
2025-06-22 09:33:34,696 - INFO - Starting direct file download in chunks of 131072 at 0, stride 131072
2025-06-22 09:33:35,683 - INFO - Starting direct file download in chunks of 131072 at 0, stride 131072
2025-06-22 09:33:37,236 - INFO - Starting direct file download in chunks of 131072 at 0, stride 131072
2025-06-22 09:33:38,075 - INFO - Starting direct file download in chunks of 131072 at 0, stride 131072
2025-06-22 09:33:41,651 - INFO - Starting direct file download in chunks of 131072 at 0, stride 131072
2025-06-22 09:33:43,311 - INFO - Starting direct file download in chunks of 131072 at 0, stride 131072
2025-06-22 09:33:44,507 - INFO - Starting direct file download in chunks of 131072 at 0, stride 131072
2025-06-22 09:33:45,963 - INFO - Starting direct file download in chunks of 131072 at 0, stride 131072
2025-06-22 09:33:47,197 - INFO - Starting direct file download in chunks of 131072 at 0, stride 131072
2025-06-22 09:33:48,274 - INFO - Starting direct file download in chunks of 131072 at 0, stride 131072
2025-06-22 09:33:49,300 - INFO - Starting direct file download in chunks of 131072 at 0, stride 131072
2025-06-22 09:33:50,376 - INFO - Starting direct file download in chunks of 131072 at 0, stride 131072
2025-06-22 09:33:51,293 - INFO - Starting direct file download in chunks of 131072 at 0, stride 131072
2025-06-22 09:33:51,717 - INFO - Starting direct file download in chunks of 131072 at 0, stride 131072
2025-06-22 09:33:52,701 - INFO - Starting direct file download in chunks of 131072 at 0, stride 131072
2025-06-22 09:33:53,601 - INFO - Starting direct file download in chunks of 131072 at 0, stride 131072
2025-06-22 09:33:56,199 - INFO - Starting direct file download in chunks of 131072 at 0, stride 131072
2025-06-22 09:33:57,249 - INFO - Starting direct file download in chunks of 131072 at 0, stride 131072
2025-06-22 09:33:58,383 - INFO - Starting direct file download in chunks of 131072 at 0, stride 131072
2025-06-22 09:34:01,032 - INFO - Starting direct file download in chunks of 131072 at 0, stride 131072
2025-06-22 09:34:02,996 - INFO - Starting direct file download in chunks of 131072 at 0, stride 131072
2025-06-22 09:34:04,010 - INFO - Starting direct file download in chunks of 131072 at 0, stride 131072
2025-06-22 09:34:05,122 - INFO - Starting direct file download in chunks of 131072 at 0, stride 131072
2025-06-22 09:34:05,848 - INFO - Starting direct file download in chunks of 131072 at 0, stride 131072
2025-06-22 09:34:07,305 - INFO - Starting direct file download in chunks of 131072 at 0, stride 131072
2025-06-22 09:34:09,484 - INFO - Starting direct file download in chunks of 131072 at 0, stride 131072
2025-06-22 09:34:10,322 - INFO - Starting direct file download in chunks of 131072 at 0, stride 131072
2025-06-22 09:34:10,703 - INFO - Starting direct file download in chunks of 131072 at 0, stride 131072
2025-06-22 09:34:11,249 - INFO - Starting direct file download in chunks of 131072 at 0, stride 131072
2025-06-22 09:34:12,634 - INFO - Starting direct file download in chunks of 131072 at 0, stride 131072
2025-06-22 09:34:13,838 - INFO - Starting direct file download in chunks of 131072 at 0, stride 131072
2025-06-22 09:34:16,162 - INFO - Starting direct file download in chunks of 131072 at 0, stride 131072
2025-06-22 09:34:18,249 - INFO - Starting direct file download in chunks of 131072 at 0, stride 131072
2025-06-22 09:34:20,514 - INFO - Starting direct file download in chunks of 131072 at 0, stride 131072
2025-06-22 09:34:22,213 - INFO - Starting direct file download in chunks of 131072 at 0, stride 131072
2025-06-22 09:34:25,104 - INFO - Starting direct file download in chunks of 131072 at 0, stride 131072
2025-06-22 09:34:25,741 - INFO - Starting direct file download in chunks of 131072 at 0, stride 131072
2025-06-22 09:34:27,068 - INFO - Starting direct file download in chunks of 131072 at 0, stride 131072
2025-06-22 09:34:28,222 - INFO - Starting direct file download in chunks of 131072 at 0, stride 131072
2025-06-22 09:34:29,095 - INFO - Starting direct file download in chunks of 131072 at 0, stride 131072
2025-06-22 09:34:29,845 - INFO - Starting direct file download in chunks of 131072 at 0, stride 131072
2025-06-22 09:34:30,678 - INFO - Starting direct file download in chunks of 131072 at 0, stride 131072
2025-06-22 09:34:31,877 - INFO - Starting direct file download in chunks of 131072 at 0, stride 131072
2025-06-22 09:34:32,722 - INFO - Starting direct file download in chunks of 131072 at 0, stride 131072
2025-06-22 09:34:33,243 - INFO - Starting direct file download in chunks of 131072 at 0, stride 131072
2025-06-22 09:34:34,127 - INFO - Starting direct file download in chunks of 131072 at 0, stride 131072
2025-06-22 09:34:34,580 - INFO - Starting direct file download in chunks of 131072 at 0, stride 131072
2025-06-22 09:34:35,509 - INFO - Starting direct file download in chunks of 131072 at 0, stride 131072
2025-06-22 09:34:36,412 - INFO - Starting direct file download in chunks of 131072 at 0, stride 131072
2025-06-22 09:34:37,336 - INFO - Starting direct file download in chunks of 131072 at 0, stride 131072
2025-06-22 09:34:37,789 - INFO - Starting direct file download in chunks of 131072 at 0, stride 131072
2025-06-22 09:34:39,837 - INFO - Starting direct file download in chunks of 131072 at 0, stride 131072
2025-06-22 09:34:41,057 - INFO - Starting direct file download in chunks of 131072 at 0, stride 131072
2025-06-22 09:34:42,362 - INFO - Starting direct file download in chunks of 131072 at 0, stride 131072
2025-06-22 09:34:43,767 - INFO - Starting direct file download in chunks of 131072 at 0, stride 131072
2025-06-22 09:34:45,649 - INFO - Starting direct file download in chunks of 131072 at 0, stride 131072
2025-06-22 09:34:46,476 - INFO - Starting direct file download in chunks of 131072 at 0, stride 131072
2025-06-22 09:34:49,258 - INFO - Starting direct file download in chunks of 131072 at 0, stride 131072
2025-06-22 09:34:50,240 - INFO - Starting direct file download in chunks of 131072 at 0, stride 131072
2025-06-22 09:34:51,376 - INFO - Starting direct file download in chunks of 131072 at 0, stride 131072
2025-06-22 09:34:52,289 - INFO - Starting direct file download in chunks of 131072 at 0, stride 131072
2025-06-22 09:34:53,191 - INFO - Starting direct file download in chunks of 131072 at 0, stride 131072
2025-06-22 09:34:54,050 - INFO - Starting direct file download in chunks of 131072 at 0, stride 131072
2025-06-22 09:34:55,085 - INFO - Starting direct file download in chunks of 131072 at 0, stride 131072
2025-06-22 09:34:56,076 - INFO - Starting direct file download in chunks of 131072 at 0, stride 131072
2025-06-22 09:34:56,989 - INFO - Starting direct file download in chunks of 131072 at 0, stride 131072
2025-06-22 09:34:57,840 - INFO - Starting direct file download in chunks of 131072 at 0, stride 131072
2025-06-22 09:34:59,005 - INFO - Starting direct file download in chunks of 131072 at 0, stride 131072
2025-06-22 09:34:59,990 - INFO - Starting direct file download in chunks of 131072 at 0, stride 131072
2025-06-22 09:35:00,973 - INFO - Starting direct file download in chunks of 131072 at 0, stride 131072
2025-06-22 09:35:01,952 - INFO - Starting direct file download in chunks of 131072 at 0, stride 131072
2025-06-22 09:35:02,534 - INFO - Starting direct file download in chunks of 131072 at 0, stride 131072
2025-06-22 09:35:03,846 - INFO - Starting direct file download in chunks of 131072 at 0, stride 131072
2025-06-22 09:35:04,709 - INFO - Starting direct file download in chunks of 131072 at 0, stride 131072
2025-06-22 09:35:05,278 - INFO - Starting direct file download in chunks of 131072 at 0, stride 131072
2025-06-22 09:35:06,411 - INFO - Starting direct file download in chunks of 131072 at 0, stride 131072
2025-06-22 09:35:08,440 - INFO - Starting direct file download in chunks of 131072 at 0, stride 131072
2025-06-22 09:35:10,017 - INFO - Starting direct file download in chunks of 131072 at 0, stride 131072
2025-06-22 09:35:11,355 - INFO - Starting direct file download in chunks of 131072 at 0, stride 131072
2025-06-22 09:35:12,646 - INFO - Starting direct file download in chunks of 131072 at 0, stride 131072
2025-06-22 09:35:13,619 - INFO - Starting direct file download in chunks of 131072 at 0, stride 131072
2025-06-22 09:35:14,458 - INFO - Starting direct file download in chunks of 131072 at 0, stride 131072
2025-06-22 09:35:15,599 - INFO - Starting direct file download in chunks of 131072 at 0, stride 131072
2025-06-22 09:35:16,699 - INFO - Starting direct file download in chunks of 131072 at 0, stride 131072
2025-06-22 09:35:17,766 - INFO - Starting direct file download in chunks of 131072 at 0, stride 131072
2025-06-22 09:35:18,736 - INFO - Starting direct file download in chunks of 131072 at 0, stride 131072
2025-06-22 09:35:20,135 - INFO - Starting direct file download in chunks of 131072 at 0, stride 131072
2025-06-22 09:35:20,919 - INFO - Starting direct file download in chunks of 131072 at 0, stride 131072
2025-06-22 09:35:21,444 - INFO - Starting direct file download in chunks of 131072 at 0, stride 131072
2025-06-22 09:35:21,948 - INFO - Starting direct file download in chunks of 131072 at 0, stride 131072
2025-06-22 09:35:22,593 - INFO - Starting direct file download in chunks of 131072 at 0, stride 131072
2025-06-22 09:35:23,061 - INFO - Starting direct file download in chunks of 131072 at 0, stride 131072
2025-06-22 09:35:23,514 - INFO - Starting direct file download in chunks of 131072 at 0, stride 131072
2025-06-22 09:35:24,012 - INFO - Starting direct file download in chunks of 131072 at 0, stride 131072
2025-06-22 09:35:24,384 - INFO - Starting direct file download in chunks of 131072 at 0, stride 131072
2025-06-22 09:35:24,856 - INFO - Starting direct file download in chunks of 131072 at 0, stride 131072
2025-06-22 09:35:26,034 - INFO - Starting direct file download in chunks of 131072 at 0, stride 131072
2025-06-22 09:35:27,987 - INFO - Starting direct file download in chunks of 131072 at 0, stride 131072
2025-06-22 09:35:29,126 - INFO - Starting direct file download in chunks of 131072 at 0, stride 131072
2025-06-22 09:35:30,778 - INFO - Starting direct file download in chunks of 131072 at 0, stride 131072
2025-06-22 09:35:32,177 - INFO - Starting direct file download in chunks of 131072 at 0, stride 131072
2025-06-22 09:35:34,356 - INFO - Starting direct file download in chunks of 131072 at 0, stride 131072
2025-06-22 09:35:35,891 - INFO - Starting direct file download in chunks of 131072 at 0, stride 131072
2025-06-22 09:35:37,359 - INFO - Starting direct file download in chunks of 131072 at 0, stride 131072
2025-06-22 09:35:38,504 - INFO - Starting direct file download in chunks of 131072 at 0, stride 131072
2025-06-22 09:35:39,836 - INFO - Starting direct file download in chunks of 131072 at 0, stride 131072
2025-06-22 09:35:40,571 - INFO - Starting direct file download in chunks of 131072 at 0, stride 131072
2025-06-22 09:35:41,364 - INFO - Starting direct file download in chunks of 131072 at 0, stride 131072
2025-06-22 09:35:41,729 - INFO - Starting direct file download in chunks of 131072 at 0, stride 131072
2025-06-22 09:35:42,294 - INFO - Starting direct file download in chunks of 131072 at 0, stride 131072
2025-06-22 09:35:44,091 - INFO - Starting direct file download in chunks of 131072 at 0, stride 131072
2025-06-22 09:35:46,595 - INFO - Starting direct file download in chunks of 131072 at 0, stride 131072
2025-06-22 09:35:48,697 - INFO - Starting direct file download in chunks of 131072 at 0, stride 131072
2025-06-22 09:35:50,864 - INFO - Starting direct file download in chunks of 131072 at 0, stride 131072
2025-06-22 09:35:52,087 - INFO - Starting direct file download in chunks of 131072 at 0, stride 131072
2025-06-22 09:35:52,847 - INFO - Starting direct file download in chunks of 131072 at 0, stride 131072
2025-06-22 09:35:53,757 - INFO - Starting direct file download in chunks of 131072 at 0, stride 131072
2025-06-22 09:35:54,677 - INFO - Starting direct file download in chunks of 131072 at 0, stride 131072
2025-06-22 09:35:56,035 - INFO - Starting direct file download in chunks of 131072 at 0, stride 131072
2025-06-22 09:35:56,763 - INFO - Starting direct file download in chunks of 131072 at 0, stride 131072
2025-06-22 09:35:57,775 - INFO - Starting direct file download in chunks of 131072 at 0, stride 131072
2025-06-22 09:35:58,187 - INFO - Starting direct file download in chunks of 131072 at 0, stride 131072
2025-06-22 09:35:59,218 - INFO - Starting direct file download in chunks of 131072 at 0, stride 131072
2025-06-22 09:36:00,020 - INFO - Starting direct file download in chunks of 131072 at 0, stride 131072
2025-06-22 09:36:00,738 - INFO - Starting direct file download in chunks of 131072 at 0, stride 131072
2025-06-22 09:36:01,624 - INFO - Starting direct file download in chunks of 131072 at 0, stride 131072
2025-06-22 09:36:03,911 - INFO - Starting direct file download in chunks of 131072 at 0, stride 131072
2025-06-22 09:36:04,844 - INFO - Starting direct file download in chunks of 131072 at 0, stride 131072
2025-06-22 09:36:06,730 - INFO - Starting direct file download in chunks of 131072 at 0, stride 131072
2025-06-22 09:36:08,376 - INFO - Starting direct file download in chunks of 131072 at 0, stride 131072
2025-06-22 09:36:09,226 - INFO - Starting direct file download in chunks of 131072 at 0, stride 131072
2025-06-22 09:36:12,742 - INFO - Starting direct file download in chunks of 131072 at 0, stride 131072
2025-06-22 09:36:14,379 - INFO - Starting direct file download in chunks of 131072 at 0, stride 131072
2025-06-22 09:36:15,307 - INFO - Starting direct file download in chunks of 131072 at 0, stride 131072
2025-06-22 09:36:16,076 - INFO - Starting direct file download in chunks of 131072 at 0, stride 131072
2025-06-22 09:36:17,493 - INFO - Starting direct file download in chunks of 131072 at 0, stride 131072
2025-06-22 09:36:21,159 - INFO - Starting direct file download in chunks of 131072 at 0, stride 131072
2025-06-22 09:36:21,903 - INFO - Starting direct file download in chunks of 131072 at 0, stride 131072
2025-06-22 09:36:22,237 - INFO - Starting direct file download in chunks of 131072 at 0, stride 131072
2025-06-22 09:36:23,119 - INFO - Starting direct file download in chunks of 131072 at 0, stride 131072
2025-06-22 09:36:23,560 - INFO - Starting direct file download in chunks of 131072 at 0, stride 131072
2025-06-22 09:36:25,947 - INFO - Starting direct file download in chunks of 131072 at 0, stride 131072
2025-06-22 09:36:28,225 - INFO - Starting direct file download in chunks of 131072 at 0, stride 131072
2025-06-22 09:36:29,482 - INFO - Starting direct file download in chunks of 131072 at 0, stride 131072
2025-06-22 09:36:30,400 - INFO - Starting direct file download in chunks of 131072 at 0, stride 131072
2025-06-22 09:36:32,119 - INFO - Starting direct file download in chunks of 131072 at 0, stride 131072
2025-06-22 09:36:34,116 - INFO - Starting direct file download in chunks of 131072 at 0, stride 131072
2025-06-22 09:36:35,942 - INFO - Starting direct file download in chunks of 131072 at 0, stride 131072
2025-06-22 09:36:37,552 - INFO - Starting direct file download in chunks of 131072 at 0, stride 131072
2025-06-22 09:36:38,767 - INFO - Starting direct file download in chunks of 131072 at 0, stride 131072
2025-06-22 09:36:40,474 - INFO - Starting direct file download in chunks of 131072 at 0, stride 131072
2025-06-22 09:36:42,003 - INFO - Starting direct file download in chunks of 131072 at 0, stride 131072
2025-06-22 09:36:44,413 - INFO - Starting direct file download in chunks of 131072 at 0, stride 131072
2025-06-22 09:36:46,735 - INFO - Starting direct file download in chunks of 131072 at 0, stride 131072
2025-06-22 09:36:47,616 - INFO - Starting direct file download in chunks of 131072 at 0, stride 131072
2025-06-22 09:36:48,664 - INFO - Starting direct file download in chunks of 131072 at 0, stride 131072
2025-06-22 09:36:49,515 - INFO - Starting direct file download in chunks of 131072 at 0, stride 131072
2025-06-22 09:36:50,738 - INFO - Starting direct file download in chunks of 131072 at 0, stride 131072
2025-06-22 09:36:51,793 - INFO - Starting direct file download in chunks of 131072 at 0, stride 131072
2025-06-22 09:36:52,867 - INFO - Starting direct file download in chunks of 131072 at 0, stride 131072
2025-06-22 09:36:53,551 - INFO - Starting direct file download in chunks of 131072 at 0, stride 131072
2025-06-22 09:36:55,812 - INFO - Starting direct file download in chunks of 131072 at 0, stride 131072
2025-06-22 09:36:56,312 - INFO - Starting direct file download in chunks of 131072 at 0, stride 131072
2025-06-22 09:36:57,635 - INFO - Starting direct file download in chunks of 131072 at 0, stride 131072
2025-06-22 09:36:58,873 - INFO - Starting direct file download in chunks of 131072 at 0, stride 131072
2025-06-22 09:36:59,855 - INFO - Starting direct file download in chunks of 131072 at 0, stride 131072
2025-06-22 09:37:00,786 - INFO - Starting direct file download in chunks of 131072 at 0, stride 131072
2025-06-22 09:37:01,687 - INFO - Starting direct file download in chunks of 131072 at 0, stride 131072
2025-06-22 09:37:02,273 - INFO - Starting direct file download in chunks of 131072 at 0, stride 131072
2025-06-22 09:37:03,322 - INFO - Starting direct file download in chunks of 131072 at 0, stride 131072
2025-06-22 09:37:05,250 - INFO - Starting direct file download in chunks of 131072 at 0, stride 131072
2025-06-22 09:37:07,698 - INFO - Starting direct file download in chunks of 131072 at 0, stride 131072
2025-06-22 09:37:08,969 - INFO - Starting direct file download in chunks of 131072 at 0, stride 131072
2025-06-22 09:37:09,913 - INFO - Starting direct file download in chunks of 131072 at 0, stride 131072
2025-06-22 09:37:10,476 - INFO - Starting direct file download in chunks of 131072 at 0, stride 131072
2025-06-22 09:37:11,668 - INFO - Starting direct file download in chunks of 131072 at 0, stride 131072
2025-06-22 09:37:12,390 - INFO - Starting direct file download in chunks of 131072 at 0, stride 131072
2025-06-22 09:37:13,447 - INFO - Starting direct file download in chunks of 131072 at 0, stride 131072
2025-06-22 09:37:15,084 - INFO - Starting direct file download in chunks of 131072 at 0, stride 131072
2025-06-22 09:37:16,050 - INFO - Starting direct file download in chunks of 131072 at 0, stride 131072
2025-06-22 09:37:16,805 - INFO - Starting direct file download in chunks of 131072 at 0, stride 131072
2025-06-22 09:37:17,323 - INFO - Starting direct file download in chunks of 131072 at 0, stride 131072
2025-06-22 09:37:19,166 - INFO - Starting direct file download in chunks of 131072 at 0, stride 131072
2025-06-22 09:37:19,758 - INFO - Starting direct file download in chunks of 131072 at 0, stride 131072
2025-06-22 09:37:20,547 - INFO - Starting direct file download in chunks of 131072 at 0, stride 131072
2025-06-22 09:37:23,131 - INFO - Starting direct file download in chunks of 131072 at 0, stride 131072
2025-06-22 11:07:31,520 - WARNING - Server closed the connection: [WinError 1236] The network connection was aborted by the local system
2025-06-22 11:07:32,155 - INFO - Closing current connection to begin reconnect...
2025-06-22 11:07:32,392 - INFO - Connection closed while receiving data: [WinError 1236] The network connection was aborted by the local system
2025-06-22 11:07:33,016 - INFO - Connecting to 149.154.167.91:443/TcpFull...
2025-06-22 11:07:33,870 - INFO - <class 'ConnectionAbortedError'> during disconnect: [WinError 1236] The network connection was aborted by the local system
2025-06-22 11:07:34,023 - WARNING - Attempt 1 at connecting failed: OSError: [WinError 1232] The network location cannot be reached. For information about network troubleshooting, see Windows Help
2025-06-22 11:07:35,183 - WARNING - Attempt 2 at connecting failed: OSError: [WinError 1232] The network location cannot be reached. For information about network troubleshooting, see Windows Help
2025-06-22 11:07:36,222 - WARNING - Attempt 3 at connecting failed: OSError: [WinError 1232] The network location cannot be reached. For information about network troubleshooting, see Windows Help
2025-06-22 11:07:37,253 - WARNING - Attempt 4 at connecting failed: OSError: [WinError 1232] The network location cannot be reached. For information about network troubleshooting, see Windows Help
2025-06-22 11:07:38,256 - WARNING - Attempt 5 at connecting failed: OSError: [WinError 1232] The network location cannot be reached. For information about network troubleshooting, see Windows Help
2025-06-22 11:07:39,257 - WARNING - Attempt 6 at connecting failed: OSError: [WinError 1232] The network location cannot be reached. For information about network troubleshooting, see Windows Help
2025-06-22 11:07:40,261 - INFO - Failed reconnection attempt 1 with ConnectionError
2025-06-22 11:07:41,265 - INFO - Connecting to 149.154.167.91:443/TcpFull...
2025-06-22 11:07:41,266 - WARNING - Attempt 1 at connecting failed: OSError: [WinError 1232] The network location cannot be reached. For information about network troubleshooting, see Windows Help
2025-06-22 11:07:42,283 - WARNING - Attempt 2 at connecting failed: OSError: [WinError 1232] The network location cannot be reached. For information about network troubleshooting, see Windows Help
2025-06-22 11:07:43,302 - WARNING - Attempt 3 at connecting failed: OSError: [WinError 1232] The network location cannot be reached. For information about network troubleshooting, see Windows Help
2025-06-22 11:07:44,320 - WARNING - Attempt 4 at connecting failed: OSError: [WinError 1232] The network location cannot be reached. For information about network troubleshooting, see Windows Help
2025-06-22 11:07:45,337 - WARNING - Attempt 5 at connecting failed: OSError: [WinError 1232] The network location cannot be reached. For information about network troubleshooting, see Windows Help
2025-06-22 11:07:49,241 - WARNING - Attempt 6 at connecting failed: ConnectionAbortedError: [WinError 1236] The network connection was aborted by the local system
2025-06-22 11:07:50,269 - INFO - Failed reconnection attempt 2 with ConnectionError
2025-06-22 11:07:51,286 - INFO - Connecting to 149.154.167.91:443/TcpFull...
2025-06-22 11:07:51,613 - INFO - Connection to 149.154.167.91:443/TcpFull complete!
2025-06-22 11:07:54,324 - INFO - Starting direct file download in chunks of 131072 at 0, stride 131072
2025-06-22 11:07:54,548 - INFO - Got difference for account updates
2025-06-22 11:08:07,949 - INFO - Starting direct file download in chunks of 131072 at 0, stride 131072
2025-06-22 11:08:23,573 - INFO - Starting direct file download in chunks of 131072 at 0, stride 131072
2025-06-22 11:08:23,583 - INFO - Got difference for channel 1747473369 updates
2025-06-22 11:08:37,777 - INFO - Starting direct file download in chunks of 131072 at 0, stride 131072
2025-06-22 11:08:37,790 - INFO - Got difference for channel 1217156909 updates
2025-06-22 11:08:43,970 - INFO - Starting direct file download in chunks of 131072 at 0, stride 131072
2025-06-22 11:08:53,390 - INFO - Starting direct file download in chunks of 131072 at 0, stride 131072
2025-06-22 11:08:56,877 - INFO - Starting direct file download in chunks of 131072 at 0, stride 131072
2025-06-22 11:09:02,345 - INFO - Starting direct file download in chunks of 131072 at 0, stride 131072
2025-06-22 11:09:04,904 - INFO - Starting direct file download in chunks of 131072 at 0, stride 131072
2025-06-22 11:09:06,399 - INFO - Starting direct file download in chunks of 131072 at 0, stride 131072
2025-06-22 11:09:07,540 - INFO - Starting direct file download in chunks of 131072 at 0, stride 131072
2025-06-22 11:09:09,656 - INFO - Starting direct file download in chunks of 131072 at 0, stride 131072
2025-06-22 11:09:14,765 - INFO - Starting direct file download in chunks of 131072 at 0, stride 131072
2025-06-22 11:09:21,023 - INFO - Starting direct file download in chunks of 131072 at 0, stride 131072
2025-06-22 11:09:24,306 - INFO - Starting direct file download in chunks of 131072 at 0, stride 131072
2025-06-22 11:09:26,344 - INFO - Starting direct file download in chunks of 131072 at 0, stride 131072
2025-06-22 11:09:28,592 - INFO - Starting direct file download in chunks of 131072 at 0, stride 131072
2025-06-22 11:09:34,845 - INFO - Starting direct file download in chunks of 131072 at 0, stride 131072
2025-06-22 11:09:53,136 - INFO - Starting direct file download in chunks of 131072 at 0, stride 131072
2025-06-22 11:09:55,141 - INFO - Starting direct file download in chunks of 131072 at 0, stride 131072
2025-06-22 11:10:00,273 - INFO - Starting direct file download in chunks of 131072 at 0, stride 131072
2025-06-22 11:10:07,135 - INFO - Starting direct file download in chunks of 131072 at 0, stride 131072
2025-06-22 11:10:14,064 - INFO - Starting direct file download in chunks of 131072 at 0, stride 131072
2025-06-22 11:10:16,808 - INFO - Starting direct file download in chunks of 131072 at 0, stride 131072
2025-06-22 11:10:22,914 - INFO - Starting direct file download in chunks of 131072 at 0, stride 131072
2025-06-22 11:10:25,198 - INFO - Starting direct file download in chunks of 131072 at 0, stride 131072
2025-06-22 11:10:26,953 - INFO - Starting direct file download in chunks of 131072 at 0, stride 131072
2025-06-22 11:10:28,349 - INFO - Starting direct file download in chunks of 131072 at 0, stride 131072
2025-06-22 11:10:29,940 - INFO - Starting direct file download in chunks of 131072 at 0, stride 131072
2025-06-22 11:10:31,682 - INFO - Starting direct file download in chunks of 131072 at 0, stride 131072
2025-06-22 11:10:33,177 - INFO - Starting direct file download in chunks of 131072 at 0, stride 131072
2025-06-22 11:10:35,483 - INFO - Starting direct file download in chunks of 131072 at 0, stride 131072
2025-06-22 11:10:38,135 - INFO - Starting direct file download in chunks of 131072 at 0, stride 131072
2025-06-22 11:10:41,989 - INFO - Starting direct file download in chunks of 131072 at 0, stride 131072
2025-06-22 11:10:44,140 - INFO - Starting direct file download in chunks of 131072 at 0, stride 131072
2025-06-22 11:10:46,744 - INFO - Starting direct file download in chunks of 131072 at 0, stride 131072
2025-06-22 11:10:49,125 - INFO - Starting direct file download in chunks of 131072 at 0, stride 131072
2025-06-22 11:10:51,599 - INFO - Starting direct file download in chunks of 131072 at 0, stride 131072
2025-06-22 11:10:56,841 - INFO - Starting direct file download in chunks of 131072 at 0, stride 131072
2025-06-22 11:10:57,521 - INFO - Starting direct file download in chunks of 131072 at 0, stride 131072
2025-06-22 11:10:59,722 - INFO - Starting direct file download in chunks of 131072 at 0, stride 131072
2025-06-22 11:11:05,416 - INFO - Starting direct file download in chunks of 131072 at 0, stride 131072
2025-06-22 11:11:31,071 - INFO - Starting direct file download in chunks of 131072 at 0, stride 131072
2025-06-22 11:11:35,265 - INFO - Starting direct file download in chunks of 131072 at 0, stride 131072
2025-06-22 11:11:39,136 - INFO - Starting direct file download in chunks of 131072 at 0, stride 131072
2025-06-22 11:11:46,901 - INFO - Starting direct file download in chunks of 131072 at 0, stride 131072
2025-06-22 11:11:55,468 - INFO - Starting direct file download in chunks of 131072 at 0, stride 131072
2025-06-22 11:11:57,558 - INFO - Starting direct file download in chunks of 131072 at 0, stride 131072
2025-06-22 11:11:58,589 - INFO - Starting direct file download in chunks of 131072 at 0, stride 131072
2025-06-22 11:12:06,179 - INFO - Starting direct file download in chunks of 131072 at 0, stride 131072
2025-06-22 11:12:12,535 - INFO - Starting direct file download in chunks of 131072 at 0, stride 131072
2025-06-22 11:12:15,987 - INFO - Starting direct file download in chunks of 131072 at 0, stride 131072
2025-06-22 11:12:23,538 - INFO - Starting direct file download in chunks of 131072 at 0, stride 131072
2025-06-22 11:12:42,210 - INFO - Starting direct file download in chunks of 131072 at 0, stride 131072
2025-06-22 11:13:59,033 - INFO - Starting direct file download in chunks of 131072 at 0, stride 131072
2025-06-22 11:14:06,424 - INFO - Starting direct file download in chunks of 131072 at 0, stride 131072
2025-06-22 11:14:10,945 - INFO - Starting direct file download in chunks of 131072 at 0, stride 131072
2025-06-22 11:14:12,114 - INFO - Starting direct file download in chunks of 131072 at 0, stride 131072
2025-06-22 11:14:13,461 - INFO - Starting direct file download in chunks of 131072 at 0, stride 131072
2025-06-22 11:14:15,993 - INFO - Starting direct file download in chunks of 131072 at 0, stride 131072
2025-06-22 11:14:19,974 - INFO - Starting direct file download in chunks of 131072 at 0, stride 131072
2025-06-22 11:14:22,632 - INFO - Starting direct file download in chunks of 131072 at 0, stride 131072
2025-06-22 11:14:28,260 - INFO - Starting direct file download in chunks of 131072 at 0, stride 131072
2025-06-22 11:14:29,421 - INFO - Starting direct file download in chunks of 131072 at 0, stride 131072
2025-06-22 11:14:31,133 - INFO - Starting direct file download in chunks of 131072 at 0, stride 131072
2025-06-22 11:14:32,151 - INFO - Starting direct file download in chunks of 131072 at 0, stride 131072
2025-06-22 11:14:39,330 - INFO - Starting direct file download in chunks of 131072 at 0, stride 131072
2025-06-22 11:14:40,627 - INFO - Starting direct file download in chunks of 131072 at 0, stride 131072
2025-06-22 11:14:40,644 - INFO - Got difference for account updates
2025-06-22 11:14:51,798 - INFO - Starting direct file download in chunks of 131072 at 0, stride 131072
2025-06-22 11:15:03,273 - INFO - Starting direct file download in chunks of 131072 at 0, stride 131072
2025-06-22 11:15:14,608 - INFO - Starting direct file download in chunks of 131072 at 0, stride 131072
2025-06-22 11:15:16,940 - INFO - Starting direct file download in chunks of 131072 at 0, stride 131072
2025-06-22 11:15:19,724 - INFO - Starting direct file download in chunks of 131072 at 0, stride 131072
2025-06-22 11:15:25,450 - INFO - Starting direct file download in chunks of 131072 at 0, stride 131072
2025-06-22 11:15:31,454 - INFO - Starting direct file download in chunks of 131072 at 0, stride 131072
2025-06-22 11:15:32,067 - INFO - Starting direct file download in chunks of 131072 at 0, stride 131072
2025-06-22 11:15:35,159 - INFO - Starting direct file download in chunks of 131072 at 0, stride 131072
2025-06-22 11:15:39,916 - INFO - Starting direct file download in chunks of 131072 at 0, stride 131072
2025-06-22 11:15:43,982 - INFO - Starting direct file download in chunks of 131072 at 0, stride 131072
2025-06-22 11:15:46,677 - INFO - Starting direct file download in chunks of 131072 at 0, stride 131072
2025-06-22 11:15:49,944 - INFO - Starting direct file download in chunks of 131072 at 0, stride 131072
2025-06-22 11:15:51,256 - INFO - Starting direct file download in chunks of 131072 at 0, stride 131072
2025-06-22 11:16:19,977 - INFO - Starting direct file download in chunks of 131072 at 0, stride 131072
2025-06-22 11:16:23,773 - INFO - Starting direct file download in chunks of 131072 at 0, stride 131072
2025-06-22 11:16:52,697 - INFO - Starting direct file download in chunks of 131072 at 0, stride 131072
2025-06-22 11:17:00,903 - INFO - Starting direct file download in chunks of 131072 at 0, stride 131072
2025-06-22 11:17:03,973 - INFO - Starting direct file download in chunks of 131072 at 0, stride 131072
2025-06-22 11:17:06,584 - INFO - Starting direct file download in chunks of 131072 at 0, stride 131072
2025-06-22 11:17:09,447 - INFO - Starting direct file download in chunks of 131072 at 0, stride 131072
2025-06-22 11:17:14,443 - INFO - Starting direct file download in chunks of 131072 at 0, stride 131072
2025-06-22 11:17:16,056 - INFO - Starting direct file download in chunks of 131072 at 0, stride 131072
2025-06-22 11:17:21,434 - INFO - Starting direct file download in chunks of 131072 at 0, stride 131072
2025-06-22 11:17:26,342 - INFO - Starting direct file download in chunks of 131072 at 0, stride 131072
2025-06-22 11:17:32,482 - INFO - Starting direct file download in chunks of 131072 at 0, stride 131072
2025-06-22 11:17:35,507 - INFO - Starting direct file download in chunks of 131072 at 0, stride 131072
2025-06-22 11:17:42,689 - INFO - Starting direct file download in chunks of 131072 at 0, stride 131072
2025-06-22 11:17:48,247 - INFO - Starting direct file download in chunks of 131072 at 0, stride 131072
2025-06-22 11:17:51,396 - INFO - Starting direct file download in chunks of 131072 at 0, stride 131072
2025-06-22 11:17:54,245 - INFO - Starting direct file download in chunks of 131072 at 0, stride 131072
2025-06-22 11:17:57,740 - INFO - Starting direct file download in chunks of 131072 at 0, stride 131072
2025-06-22 11:17:58,331 - INFO - Starting direct file download in chunks of 131072 at 0, stride 131072
2025-06-22 11:17:58,724 - INFO - Starting direct file download in chunks of 131072 at 0, stride 131072
2025-06-22 11:17:59,515 - INFO - Starting direct file download in chunks of 131072 at 0, stride 131072
2025-06-22 11:18:03,756 - INFO - Starting direct file download in chunks of 131072 at 0, stride 131072
2025-06-22 11:18:09,984 - INFO - Starting direct file download in chunks of 131072 at 0, stride 131072
2025-06-22 11:18:21,998 - INFO - Starting direct file download in chunks of 131072 at 0, stride 131072
2025-06-22 11:18:23,292 - INFO - Starting direct file download in chunks of 131072 at 0, stride 131072
2025-06-22 11:18:31,068 - INFO - Starting direct file download in chunks of 131072 at 0, stride 131072
2025-06-22 11:18:38,013 - INFO - Starting direct file download in chunks of 131072 at 0, stride 131072
2025-06-22 11:18:42,111 - INFO - Starting direct file download in chunks of 131072 at 0, stride 131072
2025-06-22 11:19:00,526 - INFO - Starting direct file download in chunks of 131072 at 0, stride 131072
2025-06-22 11:19:01,497 - INFO - Starting direct file download in chunks of 131072 at 0, stride 131072
2025-06-22 11:19:08,741 - INFO - Starting direct file download in chunks of 131072 at 0, stride 131072
2025-06-22 11:19:09,329 - INFO - Starting direct file download in chunks of 131072 at 0, stride 131072
2025-06-22 11:19:11,849 - INFO - Starting direct file download in chunks of 131072 at 0, stride 131072
2025-06-22 11:19:14,286 - INFO - Starting direct file download in chunks of 131072 at 0, stride 131072
2025-06-22 11:19:16,987 - INFO - Starting direct file download in chunks of 131072 at 0, stride 131072
2025-06-22 11:19:18,725 - INFO - Starting direct file download in chunks of 131072 at 0, stride 131072
2025-06-22 11:19:22,279 - INFO - Starting direct file download in chunks of 131072 at 0, stride 131072
2025-06-22 11:19:23,355 - INFO - Starting direct file download in chunks of 131072 at 0, stride 131072
2025-06-22 11:19:25,609 - INFO - Starting direct file download in chunks of 131072 at 0, stride 131072
2025-06-22 11:19:32,277 - INFO - Starting direct file download in chunks of 131072 at 0, stride 131072
2025-06-22 11:19:38,345 - INFO - Starting direct file download in chunks of 131072 at 0, stride 131072
2025-06-22 11:19:39,968 - INFO - Starting direct file download in chunks of 131072 at 0, stride 131072
2025-06-22 11:19:43,673 - INFO - Starting direct file download in chunks of 131072 at 0, stride 131072
2025-06-22 11:19:45,632 - INFO - Starting direct file download in chunks of 131072 at 0, stride 131072
2025-06-22 11:19:47,925 - INFO - Starting direct file download in chunks of 131072 at 0, stride 131072
2025-06-22 11:19:56,176 - INFO - Starting direct file download in chunks of 131072 at 0, stride 131072
2025-06-22 11:19:59,400 - INFO - Starting direct file download in chunks of 131072 at 0, stride 131072
2025-06-22 11:20:06,309 - INFO - Starting direct file download in chunks of 131072 at 0, stride 131072
2025-06-22 11:20:11,568 - INFO - Starting direct file download in chunks of 131072 at 0, stride 131072
2025-06-22 11:20:13,912 - INFO - Starting direct file download in chunks of 131072 at 0, stride 131072
2025-06-22 11:20:21,185 - INFO - Starting direct file download in chunks of 131072 at 0, stride 131072
2025-06-22 11:20:21,881 - INFO - Starting direct file download in chunks of 131072 at 0, stride 131072
2025-06-22 11:20:26,214 - INFO - Starting direct file download in chunks of 131072 at 0, stride 131072
2025-06-22 11:20:56,850 - INFO - Starting direct file download in chunks of 131072 at 0, stride 131072
2025-06-22 11:21:28,189 - INFO - Starting direct file download in chunks of 131072 at 0, stride 131072
2025-06-22 11:21:52,253 - INFO - Starting direct file download in chunks of 131072 at 0, stride 131072
2025-06-22 11:22:02,586 - INFO - Starting direct file download in chunks of 131072 at 0, stride 131072
2025-06-22 11:23:23,274 - INFO - Starting direct file download in chunks of 131072 at 0, stride 131072
2025-06-22 11:23:49,182 - INFO - Starting direct file download in chunks of 131072 at 0, stride 131072
2025-06-22 11:24:09,091 - INFO - Starting direct file download in chunks of 131072 at 0, stride 131072
2025-06-22 11:24:47,276 - INFO - Starting direct file download in chunks of 131072 at 0, stride 131072
2025-06-22 11:24:51,855 - INFO - Starting direct file download in chunks of 131072 at 0, stride 131072
2025-06-22 11:25:30,290 - INFO - Starting direct file download in chunks of 131072 at 0, stride 131072
2025-06-22 11:25:45,067 - INFO - Starting direct file download in chunks of 131072 at 0, stride 131072
2025-06-22 11:25:45,075 - INFO - Got difference for account updates
2025-06-22 11:25:49,426 - INFO - Starting direct file download in chunks of 131072 at 0, stride 131072
2025-06-22 11:25:54,018 - INFO - Starting direct file download in chunks of 131072 at 0, stride 131072
2025-06-22 11:25:57,308 - INFO - Starting direct file download in chunks of 131072 at 0, stride 131072
2025-06-22 11:26:04,182 - INFO - Starting direct file download in chunks of 131072 at 0, stride 131072
2025-06-22 11:26:09,654 - INFO - Starting direct file download in chunks of 131072 at 0, stride 131072
2025-06-22 11:26:13,352 - INFO - Starting direct file download in chunks of 131072 at 0, stride 131072
2025-06-22 11:26:19,616 - INFO - Starting direct file download in chunks of 131072 at 0, stride 131072
2025-06-22 11:26:23,868 - INFO - Starting direct file download in chunks of 131072 at 0, stride 131072
2025-06-22 11:27:19,607 - INFO - Starting direct file download in chunks of 131072 at 0, stride 131072
2025-06-22 11:27:23,429 - INFO - Starting direct file download in chunks of 131072 at 0, stride 131072
2025-06-22 11:27:32,125 - INFO - Starting direct file download in chunks of 131072 at 0, stride 131072
2025-06-22 11:27:42,253 - INFO - Starting direct file download in chunks of 131072 at 0, stride 131072
2025-06-22 11:27:51,063 - INFO - Starting direct file download in chunks of 131072 at 0, stride 131072
2025-06-22 11:28:06,158 - INFO - Starting direct file download in chunks of 131072 at 0, stride 131072
2025-06-22 11:28:13,268 - INFO - Starting direct file download in chunks of 131072 at 0, stride 131072
2025-06-22 11:28:20,314 - INFO - Got difference for channel 1217156909 updates
2025-06-22 11:28:23,195 - INFO - Starting direct file download in chunks of 131072 at 0, stride 131072
2025-06-22 11:28:30,736 - INFO - Starting direct file download in chunks of 131072 at 0, stride 131072
2025-06-22 11:28:35,904 - INFO - Starting direct file download in chunks of 131072 at 0, stride 131072
2025-06-22 11:28:38,349 - INFO - Starting direct file download in chunks of 131072 at 0, stride 131072
2025-06-22 11:28:41,102 - INFO - Starting direct file download in chunks of 131072 at 0, stride 131072
2025-06-22 11:28:44,998 - INFO - Starting direct file download in chunks of 131072 at 0, stride 131072
2025-06-22 11:28:46,200 - INFO - Starting direct file download in chunks of 131072 at 0, stride 131072
2025-06-22 11:28:48,834 - INFO - Starting direct file download in chunks of 131072 at 0, stride 131072
2025-06-22 11:28:53,655 - INFO - Starting direct file download in chunks of 131072 at 0, stride 131072
2025-06-22 11:28:56,178 - INFO - Starting direct file download in chunks of 131072 at 0, stride 131072
2025-06-22 11:28:58,376 - INFO - Starting direct file download in chunks of 131072 at 0, stride 131072
2025-06-22 11:29:01,544 - INFO - Starting direct file download in chunks of 131072 at 0, stride 131072
2025-06-22 11:29:05,836 - INFO - Starting direct file download in chunks of 131072 at 0, stride 131072
2025-06-22 11:29:09,828 - INFO - Starting direct file download in chunks of 131072 at 0, stride 131072
2025-06-22 11:29:18,623 - INFO - Starting direct file download in chunks of 131072 at 0, stride 131072
2025-06-22 11:29:26,188 - INFO - Starting direct file download in chunks of 131072 at 0, stride 131072
2025-06-22 11:29:32,223 - INFO - Starting direct file download in chunks of 131072 at 0, stride 131072
2025-06-22 11:29:38,015 - INFO - Starting direct file download in chunks of 131072 at 0, stride 131072
2025-06-22 11:29:38,027 - INFO - Got difference for channel 1411714824 updates
2025-06-22 11:30:48,827 - INFO - Starting direct file download in chunks of 131072 at 0, stride 131072
2025-06-22 11:32:32,315 - INFO - Closing current connection to begin reconnect...
2025-06-22 11:32:32,336 - INFO - Connecting to 149.154.167.91:443/TcpFull...
2025-06-22 11:32:32,584 - INFO - Connection to 149.154.167.91:443/TcpFull complete!
2025-06-22 11:32:35,949 - INFO - Starting direct file download in chunks of 131072 at 0, stride 131072
2025-06-22 11:32:35,988 - INFO - Got difference for channel 1411714824 updates
2025-06-22 11:32:49,088 - INFO - Starting direct file download in chunks of 131072 at 0, stride 131072
2025-06-22 11:32:50,425 - INFO - Starting direct file download in chunks of 131072 at 0, stride 131072
2025-06-22 11:33:05,616 - INFO - Starting direct file download in chunks of 131072 at 0, stride 131072
2025-06-22 11:33:31,513 - INFO - Starting direct file download in chunks of 131072 at 0, stride 131072
2025-06-22 11:34:32,354 - INFO - Closing current connection to begin reconnect...
2025-06-22 11:34:32,361 - INFO - Connecting to 149.154.167.91:443/TcpFull...
2025-06-22 11:34:42,365 - WARNING - Attempt 1 at connecting failed: TimeoutError: 
2025-06-22 11:34:53,389 - WARNING - Attempt 2 at connecting failed: TimeoutError: 
2025-06-22 11:35:04,391 - WARNING - Attempt 3 at connecting failed: TimeoutError: 
2025-06-22 11:35:05,917 - WARNING - Attempt 4 at connecting failed: ConnectionAbortedError: [WinError 1236] The network connection was aborted by the local system
2025-06-22 11:35:06,962 - WARNING - Attempt 5 at connecting failed: OSError: [WinError 1231] The network location cannot be reached. For information about network troubleshooting, see Windows Help
2025-06-22 11:35:07,991 - WARNING - Attempt 6 at connecting failed: OSError: [WinError 1231] The network location cannot be reached. For information about network troubleshooting, see Windows Help
2025-06-22 11:35:09,003 - INFO - Failed reconnection attempt 1 with ConnectionError
2025-06-22 11:35:10,008 - INFO - Connecting to 149.154.167.91:443/TcpFull...
2025-06-22 11:35:10,010 - WARNING - Attempt 1 at connecting failed: OSError: [WinError 1231] The network location cannot be reached. For information about network troubleshooting, see Windows Help
2025-06-22 11:35:21,038 - WARNING - Attempt 2 at connecting failed: TimeoutError: 
2025-06-22 11:35:32,053 - WARNING - Attempt 3 at connecting failed: TimeoutError: 
2025-06-22 11:35:43,060 - WARNING - Attempt 4 at connecting failed: TimeoutError: 
2025-06-22 11:35:54,082 - WARNING - Attempt 5 at connecting failed: TimeoutError: 
2025-06-22 11:36:05,104 - WARNING - Attempt 6 at connecting failed: TimeoutError: 
2025-06-22 11:36:06,114 - INFO - Failed reconnection attempt 2 with ConnectionError
2025-06-22 11:36:07,122 - INFO - Connecting to 149.154.167.91:443/TcpFull...
2025-06-22 11:36:17,129 - WARNING - Attempt 1 at connecting failed: TimeoutError: 
2025-06-22 11:36:18,145 - WARNING - Attempt 2 at connecting failed: OSError: [WinError 1232] The network location cannot be reached. For information about network troubleshooting, see Windows Help
2025-06-22 11:36:19,155 - WARNING - Attempt 3 at connecting failed: OSError: [WinError 1232] The network location cannot be reached. For information about network troubleshooting, see Windows Help
2025-06-22 11:36:20,160 - WARNING - Attempt 4 at connecting failed: OSError: [WinError 1232] The network location cannot be reached. For information about network troubleshooting, see Windows Help
2025-06-22 11:36:21,166 - WARNING - Attempt 5 at connecting failed: OSError: [WinError 1232] The network location cannot be reached. For information about network troubleshooting, see Windows Help
2025-06-22 11:36:22,180 - WARNING - Attempt 6 at connecting failed: OSError: [WinError 1232] The network location cannot be reached. For information about network troubleshooting, see Windows Help
2025-06-22 11:36:23,210 - INFO - Failed reconnection attempt 3 with ConnectionError
2025-06-22 11:36:24,222 - INFO - Connecting to 149.154.167.91:443/TcpFull...
2025-06-22 11:36:24,224 - WARNING - Attempt 1 at connecting failed: OSError: [WinError 1232] The network location cannot be reached. For information about network troubleshooting, see Windows Help
2025-06-22 11:36:25,230 - WARNING - Attempt 2 at connecting failed: OSError: [WinError 1232] The network location cannot be reached. For information about network troubleshooting, see Windows Help
2025-06-22 11:36:26,246 - WARNING - Attempt 3 at connecting failed: OSError: [WinError 1232] The network location cannot be reached. For information about network troubleshooting, see Windows Help
2025-06-22 11:36:27,253 - WARNING - Attempt 4 at connecting failed: OSError: [WinError 1232] The network location cannot be reached. For information about network troubleshooting, see Windows Help
2025-06-22 11:36:28,269 - WARNING - Attempt 5 at connecting failed: OSError: [WinError 1232] The network location cannot be reached. For information about network troubleshooting, see Windows Help
2025-06-22 11:36:29,273 - WARNING - Attempt 6 at connecting failed: OSError: [WinError 1232] The network location cannot be reached. For information about network troubleshooting, see Windows Help
2025-06-22 11:36:30,280 - INFO - Failed reconnection attempt 4 with ConnectionError
2025-06-22 11:36:31,285 - INFO - Connecting to 149.154.167.91:443/TcpFull...
2025-06-22 11:36:31,287 - WARNING - Attempt 1 at connecting failed: OSError: [WinError 1232] The network location cannot be reached. For information about network troubleshooting, see Windows Help
2025-06-22 11:36:32,296 - WARNING - Attempt 2 at connecting failed: OSError: [WinError 1232] The network location cannot be reached. For information about network troubleshooting, see Windows Help
2025-06-22 11:36:33,307 - WARNING - Attempt 3 at connecting failed: OSError: [WinError 1232] The network location cannot be reached. For information about network troubleshooting, see Windows Help
2025-06-22 11:36:34,320 - WARNING - Attempt 4 at connecting failed: OSError: [WinError 1232] The network location cannot be reached. For information about network troubleshooting, see Windows Help
2025-06-22 11:36:35,323 - WARNING - Attempt 5 at connecting failed: OSError: [WinError 1232] The network location cannot be reached. For information about network troubleshooting, see Windows Help
2025-06-22 11:36:36,329 - WARNING - Attempt 6 at connecting failed: OSError: [WinError 1232] The network location cannot be reached. For information about network troubleshooting, see Windows Help
2025-06-22 11:36:37,336 - INFO - Failed reconnection attempt 5 with ConnectionError
2025-06-22 11:36:38,353 - ERROR - Automatic reconnection failed 5 time(s)
2025-06-22 11:36:38,354 - INFO - Disconnecting from 149.154.167.91:443/TcpFull...
2025-06-22 11:36:38,355 - INFO - Disconnection from 149.154.167.91:443/TcpFull complete!
2025-06-22 11:36:38,356 - ERROR - Future exception was never retrieved
future: <Future finished exception=ConnectionError('Connection to Telegram failed 5 time(s)')>
ConnectionError: Connection to Telegram failed 5 time(s)
2025-06-22 11:36:38,359 - ERROR - Error processing message 6911 in @Shageronlinestore: Connection to Telegram failed 5 time(s)
2025-06-22 11:36:38,363 - INFO - Starting direct file download in chunks of 131072 at 0, stride 131072
2025-06-22 11:36:38,374 - ERROR - Error processing message 6910 in @Shageronlinestore: Cannot send requests while disconnected
2025-06-22 11:36:38,381 - INFO - Starting direct file download in chunks of 131072 at 0, stride 131072
2025-06-22 11:36:38,387 - ERROR - Error processing message 6909 in @Shageronlinestore: Cannot send requests while disconnected
2025-06-22 11:36:38,389 - INFO - Starting direct file download in chunks of 131072 at 0, stride 131072
2025-06-22 11:36:38,390 - ERROR - Error processing message 6907 in @Shageronlinestore: Cannot send requests while disconnected
2025-06-22 11:36:38,392 - INFO - Starting direct file download in chunks of 131072 at 0, stride 131072
2025-06-22 11:36:38,394 - ERROR - Error processing message 6906 in @Shageronlinestore: Cannot send requests while disconnected
2025-06-22 11:36:38,395 - INFO - Starting direct file download in chunks of 131072 at 0, stride 131072
2025-06-22 11:36:38,395 - ERROR - Error processing message 6905 in @Shageronlinestore: Cannot send requests while disconnected
2025-06-22 11:36:38,396 - INFO - Starting direct file download in chunks of 131072 at 0, stride 131072
2025-06-22 11:36:38,397 - ERROR - Error processing message 6904 in @Shageronlinestore: Cannot send requests while disconnected
2025-06-22 11:36:38,399 - ERROR - Unexpected error scraping @Shageronlinestore: Cannot send requests while disconnected
2025-06-22 11:36:38,399 - INFO - Completed scrape for @Shageronlinestore
2025-06-22 11:36:38,401 - INFO - Not disconnecting (already have no connection)
